[2026-05-07 00:32:04] APLUSE ENGINE 初始化成功
[2026-05-07 00:33:11] 目标装载: +1 项
[2026-05-07 00:33:14] [ERROR] 内核异常: DisguiseEngine.handle_toggle() missing 1 required positional argument: 'process_events_cb'
[2026-05-07 00:33:30] [ERROR] 内核异常: DisguiseEngine.handle_toggle() missing 1 required positional argument: 'process_events_cb'
[2026-05-07 00:35:30] APLUSE ENGINE 初始化成功
[2026-05-07 00:35:38] 目标装载: +1 项
[2026-05-07 00:35:42] 执行自动切换，魔术字：HEX=E42AEE16 | BYTES=b'\xe4*\xee\x16' | TEXT=<非UTF-8字节序列>
[2026-05-07 00:35:42] 准备伪装(使用 F:\本站下载\库\3-被这画风美到了，是谁把我的梦画出来了-480P 标清-AVC.mp4)：E:\mimo\deemo\deemo.rar
[2026-05-07 00:35:42] 伪装完成：E:\mimo\deemo\deemo.mp4
[2026-05-07 00:35:42] 执行周期结束。成功:1 失败:0
[2026-05-07 00:36:00] 🚀 正在调用 PyInstaller 进行极限瘦身打包，请耐心等待...
[2026-05-07 00:36:01] [PyInstaller] 352 INFO: PyInstaller: 6.19.0, contrib hooks: 2026.4
[2026-05-07 00:36:01] [PyInstaller] 353 INFO: Python: 3.13.12 (conda)
[2026-05-07 00:36:01] [PyInstaller] 388 INFO: Platform: Windows-10-10.0.19045-SP0
[2026-05-07 00:36:01] [PyInstaller] 388 INFO: Python environment: C:\Users\lenovo\miniconda3
[2026-05-07 00:36:01] [PyInstaller] 389 INFO: wrote E:\mimo\deemo\spec_pyinstaller_restore\restore_all_disguised.spec
[2026-05-07 00:36:01] [PyInstaller] 406 INFO: Module search paths (PYTHONPATH):
[2026-05-07 00:36:01] [PyInstaller] ['E:\\mimo',
[2026-05-07 00:36:01] [PyInstaller] 'C:\\Users\\lenovo\\miniconda3\\python313.zip',
[2026-05-07 00:36:01] [PyInstaller] 'C:\\Users\\lenovo\\miniconda3\\DLLs',
[2026-05-07 00:36:01] [PyInstaller] 'C:\\Users\\lenovo\\miniconda3\\Lib',
[2026-05-07 00:36:01] [PyInstaller] 'C:\\Users\\lenovo\\miniconda3',
[2026-05-07 00:36:01] [PyInstaller] 'C:\\Users\\lenovo\\miniconda3\\Lib\\site-packages',
[2026-05-07 00:36:01] [PyInstaller] 'E:\\mimo']
[2026-05-07 00:36:01] [PyInstaller] 1120 INFO: checking Analysis
[2026-05-07 00:36:01] [PyInstaller] 1120 INFO: Building Analysis because Analysis-00.toc is non existent
[2026-05-07 00:36:01] [PyInstaller] 1120 INFO: Looking for Python shared library...
[2026-05-07 00:36:01] [PyInstaller] 1120 INFO: Using Python shared library: C:\Users\lenovo\miniconda3\python313.dll
[2026-05-07 00:36:01] [PyInstaller] 1120 INFO: Running Analysis Analysis-00.toc
[2026-05-07 00:36:01] [PyInstaller] 1120 INFO: Target bytecode optimization level: 0
[2026-05-07 00:36:01] [PyInstaller] 1121 INFO: Initializing module dependency graph...
[2026-05-07 00:36:01] [PyInstaller] 1122 INFO: Initializing module graph hook caches...
[2026-05-07 00:36:01] [PyInstaller] 1181 INFO: Analyzing modules for base_library.zip ...
[2026-05-07 00:36:03] [PyInstaller] 3117 INFO: Processing standard module hook 'hook-encodings.py' from 'C:\\Users\\lenovo\\miniconda3\\Lib\\site-packages\\PyInstaller\\hooks'
[2026-05-07 00:36:04] [PyInstaller] 3981 INFO: Processing standard module hook 'hook-heapq.py' from 'C:\\Users\\lenovo\\miniconda3\\Lib\\site-packages\\PyInstaller\\hooks'
[2026-05-07 00:36:05] [PyInstaller] 5113 INFO: Processing standard module hook 'hook-pickle.py' from 'C:\\Users\\lenovo\\miniconda3\\Lib\\site-packages\\PyInstaller\\hooks'
[2026-05-07 00:36:07] [PyInstaller] 6563 INFO: Caching module dependency graph...
[2026-05-07 00:36:07] [PyInstaller] 6607 INFO: Analyzing E:\mimo\restore_all_disguised.py
[2026-05-07 00:36:07] [PyInstaller] 6629 INFO: Processing module hooks (post-graph stage)...
[2026-05-07 00:36:07] [PyInstaller] 6633 INFO: Performing binary vs. data reclassification (1 entries)
[2026-05-07 00:36:07] [PyInstaller] 6634 INFO: Looking for ctypes DLLs
[2026-05-07 00:36:07] [PyInstaller] 6637 INFO: Analyzing run-time hooks ...
[2026-05-07 00:36:07] [PyInstaller] 6638 INFO: Including run-time hook 'pyi_rth_inspect.py' from 'C:\\Users\\lenovo\\miniconda3\\Lib\\site-packages\\PyInstaller\\hooks\\rthooks'
[2026-05-07 00:36:07] [PyInstaller] 6643 INFO: Creating base_library.zip...
[2026-05-07 00:36:07] [PyInstaller] 6661 INFO: Looking for dynamic libraries
[2026-05-07 00:36:07] [PyInstaller] 6785 INFO: Extra DLL search directories (AddDllDirectory): []
[2026-05-07 00:36:07] [PyInstaller] 6785 INFO: Extra DLL search directories (PATH): []
[2026-05-07 00:36:07] [PyInstaller] 7289 INFO: Warnings written to E:\mimo\deemo\build_pyinstaller_restore\restore_all_disguised\warn-restore_all_disguised.txt
[2026-05-07 00:36:07] [PyInstaller] 7300 INFO: Graph cross-reference written to E:\mimo\deemo\build_pyinstaller_restore\restore_all_disguised\xref-restore_all_disguised.html
[2026-05-07 00:36:07] [PyInstaller] 7319 INFO: checking PYZ
[2026-05-07 00:36:07] [PyInstaller] 7319 INFO: Building PYZ because PYZ-00.toc is non existent
[2026-05-07 00:36:07] [PyInstaller] 7320 INFO: Building PYZ (ZlibArchive) E:\mimo\deemo\build_pyinstaller_restore\restore_all_disguised\PYZ-00.pyz
[2026-05-07 00:36:08] [PyInstaller] 7446 INFO: Building PYZ (ZlibArchive) E:\mimo\deemo\build_pyinstaller_restore\restore_all_disguised\PYZ-00.pyz completed successfully.
[2026-05-07 00:36:08] [PyInstaller] 7453 INFO: checking PKG
[2026-05-07 00:36:08] [PyInstaller] 7453 INFO: Building PKG because PKG-00.toc is non existent
[2026-05-07 00:36:08] [PyInstaller] 7453 INFO: Building PKG (CArchive) restore_all_disguised.pkg
[2026-05-07 00:36:09] [PyInstaller] 9203 INFO: Building PKG (CArchive) restore_all_disguised.pkg completed successfully.
[2026-05-07 00:36:09] [PyInstaller] 9204 INFO: Bootloader C:\Users\lenovo\miniconda3\Lib\site-packages\PyInstaller\bootloader\Windows-64bit-intel\run.exe
[2026-05-07 00:36:09] [PyInstaller] 9204 INFO: checking EXE
[2026-05-07 00:36:09] [PyInstaller] 9204 INFO: Building EXE because EXE-00.toc is non existent
[2026-05-07 00:36:09] [PyInstaller] 9204 INFO: Building EXE from EXE-00.toc
[2026-05-07 00:36:09] [PyInstaller] 9204 INFO: Copying bootloader EXE to E:\mimo\deemo\restore_all_disguised.exe
[2026-05-07 00:36:09] [PyInstaller] 9244 INFO: Copying icon to EXE
[2026-05-07 00:36:09] [PyInstaller] 9276 INFO: Copying 0 resources to EXE
[2026-05-07 00:36:09] [PyInstaller] 9276 INFO: Embedding manifest in EXE
[2026-05-07 00:36:09] [PyInstaller] 9306 INFO: Appending PKG archive to EXE
[2026-05-07 00:36:10] [PyInstaller] 9409 INFO: Fixing EXE headers
[2026-05-07 00:36:10] [PyInstaller] 9607 INFO: Building EXE from EXE-00.toc completed successfully.
[2026-05-07 00:36:10] [PyInstaller] 9608 INFO: Build complete! The results are available in: E:\mimo\deemo
[2026-05-07 00:36:10] 脱壳包导出成功: E:\mimo\deemo\restore_all_disguised.exe
[2026-05-07 00:40:06] APLUSE ENGINE 初始化成功
[2026-05-07 00:40:15] 目标装载: +1 项
[2026-05-07 00:40:17] 开始检测，魔术字：HEX=E42AEE16 | BYTES=b'\xe4*\xee\x16' | TEXT=<非UTF-8字节序列>
[2026-05-07 00:40:17] [原始态] E:\mimo\deemo\deemo.rar
[2026-05-07 00:40:22] 开始检测，魔术字：HEX=E42AEE16 | BYTES=b'\xe4*\xee\x16' | TEXT=<非UTF-8字节序列>
[2026-05-07 00:40:22] [原始态] E:\mimo\deemo\deemo.rar
[2026-05-07 00:40:23] 开始检测，魔术字：HEX=E42AEE16 | BYTES=b'\xe4*\xee\x16' | TEXT=<非UTF-8字节序列>
[2026-05-07 00:40:23] [原始态] E:\mimo\deemo\deemo.rar
[2026-05-07 00:40:31] 执行自动切换，魔术字：HEX=E42AEE16 | BYTES=b'\xe4*\xee\x16' | TEXT=<非UTF-8字节序列>
[2026-05-07 00:40:31] 准备伪装(使用 F:\本站下载\库\3-被这画风美到了，是谁把我的梦画出来了-480P 标清-AVC.mp4)：E:\mimo\deemo\deemo.rar
[2026-05-07 00:40:31] 伪装完成：E:\mimo\deemo\deemo.mp4
[2026-05-07 00:40:31] 执行周期结束。成功:1 失败:0
[2026-05-07 00:40:34] 开始检测，魔术字：HEX=E42AEE16 | BYTES=b'\xe4*\xee\x16' | TEXT=<非UTF-8字节序列>
[2026-05-07 00:40:34] [伪装态] E:\mimo\deemo\deemo.mp4
[2026-05-07 00:40:36] 🚀 正在调用 PyInstaller 进行极限瘦身打包，请耐心等待...
[2026-05-07 00:40:36] [PyInstaller] 332 INFO: PyInstaller: 6.19.0, contrib hooks: 2026.4
[2026-05-07 00:40:36] [PyInstaller] 332 INFO: Python: 3.13.12 (conda)
[2026-05-07 00:40:36] [PyInstaller] 363 INFO: Platform: Windows-10-10.0.19045-SP0
[2026-05-07 00:40:36] [PyInstaller] 363 INFO: Python environment: C:\Users\lenovo\miniconda3
[2026-05-07 00:40:36] [PyInstaller] 364 INFO: wrote E:\mimo\deemo\spec_pyinstaller_restore\restore_e42aee16.spec
[2026-05-07 00:40:36] [PyInstaller] 379 INFO: Module search paths (PYTHONPATH):
[2026-05-07 00:40:36] [PyInstaller] ['E:\\mimo',
[2026-05-07 00:40:36] [PyInstaller] 'C:\\Users\\lenovo\\miniconda3\\python313.zip',
[2026-05-07 00:40:36] [PyInstaller] 'C:\\Users\\lenovo\\miniconda3\\DLLs',
[2026-05-07 00:40:36] [PyInstaller] 'C:\\Users\\lenovo\\miniconda3\\Lib',
[2026-05-07 00:40:36] [PyInstaller] 'C:\\Users\\lenovo\\miniconda3',
[2026-05-07 00:40:36] [PyInstaller] 'C:\\Users\\lenovo\\miniconda3\\Lib\\site-packages',
[2026-05-07 00:40:36] [PyInstaller] 'E:\\mimo']
[2026-05-07 00:40:37] [PyInstaller] 996 INFO: checking Analysis
[2026-05-07 00:40:37] [PyInstaller] 996 INFO: Building Analysis because Analysis-00.toc is non existent
[2026-05-07 00:40:37] [PyInstaller] 996 INFO: Looking for Python shared library...
[2026-05-07 00:40:37] [PyInstaller] 996 INFO: Using Python shared library: C:\Users\lenovo\miniconda3\python313.dll
[2026-05-07 00:40:37] [PyInstaller] 996 INFO: Running Analysis Analysis-00.toc
[2026-05-07 00:40:37] [PyInstaller] 996 INFO: Target bytecode optimization level: 0
[2026-05-07 00:40:37] [PyInstaller] 996 INFO: Initializing module dependency graph...
[2026-05-07 00:40:37] [PyInstaller] 999 INFO: Initializing module graph hook caches...
[2026-05-07 00:40:37] [PyInstaller] 1015 INFO: Analyzing modules for base_library.zip ...
[2026-05-07 00:40:39] [PyInstaller] 2721 INFO: Processing standard module hook 'hook-encodings.py' from 'C:\\Users\\lenovo\\miniconda3\\Lib\\site-packages\\PyInstaller\\hooks'
[2026-05-07 00:40:41] [PyInstaller] 4708 INFO: Processing standard module hook 'hook-pickle.py' from 'C:\\Users\\lenovo\\miniconda3\\Lib\\site-packages\\PyInstaller\\hooks'
[2026-05-07 00:40:42] [PyInstaller] 5546 INFO: Processing standard module hook 'hook-heapq.py' from 'C:\\Users\\lenovo\\miniconda3\\Lib\\site-packages\\PyInstaller\\hooks'
[2026-05-07 00:40:42] [PyInstaller] 6029 INFO: Caching module dependency graph...
[2026-05-07 00:40:42] [PyInstaller] 6069 INFO: Analyzing E:\mimo\restore_e42aee16.py
[2026-05-07 00:40:42] [PyInstaller] 6087 INFO: Processing module hooks (post-graph stage)...
[2026-05-07 00:40:42] [PyInstaller] 6091 INFO: Performing binary vs. data reclassification (1 entries)
[2026-05-07 00:40:42] [PyInstaller] 6092 INFO: Looking for ctypes DLLs
[2026-05-07 00:40:42] [PyInstaller] 6096 INFO: Analyzing run-time hooks ...
[2026-05-07 00:40:42] [PyInstaller] 6097 INFO: Including run-time hook 'pyi_rth_inspect.py' from 'C:\\Users\\lenovo\\miniconda3\\Lib\\site-packages\\PyInstaller\\hooks\\rthooks'
[2026-05-07 00:40:42] [PyInstaller] 6102 INFO: Creating base_library.zip...
[2026-05-07 00:40:42] [PyInstaller] 6118 INFO: Looking for dynamic libraries
[2026-05-07 00:40:42] [PyInstaller] 6234 INFO: Extra DLL search directories (AddDllDirectory): []
[2026-05-07 00:40:42] [PyInstaller] 6234 INFO: Extra DLL search directories (PATH): []
[2026-05-07 00:40:43] [PyInstaller] 6658 INFO: Warnings written to E:\mimo\deemo\build_pyinstaller_restore\restore_e42aee16\warn-restore_e42aee16.txt
[2026-05-07 00:40:43] [PyInstaller] 6668 INFO: Graph cross-reference written to E:\mimo\deemo\build_pyinstaller_restore\restore_e42aee16\xref-restore_e42aee16.html
[2026-05-07 00:40:43] [PyInstaller] 6684 INFO: checking PYZ
[2026-05-07 00:40:43] [PyInstaller] 6684 INFO: Building PYZ because PYZ-00.toc is non existent
[2026-05-07 00:40:43] [PyInstaller] 6684 INFO: Building PYZ (ZlibArchive) E:\mimo\deemo\build_pyinstaller_restore\restore_e42aee16\PYZ-00.pyz
[2026-05-07 00:40:43] [PyInstaller] 6798 INFO: Building PYZ (ZlibArchive) E:\mimo\deemo\build_pyinstaller_restore\restore_e42aee16\PYZ-00.pyz completed successfully.
[2026-05-07 00:40:43] [PyInstaller] 6802 INFO: checking PKG
[2026-05-07 00:40:43] [PyInstaller] 6802 INFO: Building PKG because PKG-00.toc is non existent
[2026-05-07 00:40:43] [PyInstaller] 6802 INFO: Building PKG (CArchive) restore_e42aee16.pkg
[2026-05-07 00:40:45] [PyInstaller] 8501 INFO: Building PKG (CArchive) restore_e42aee16.pkg completed successfully.
[2026-05-07 00:40:45] [PyInstaller] 8502 INFO: Bootloader C:\Users\lenovo\miniconda3\Lib\site-packages\PyInstaller\bootloader\Windows-64bit-intel\run.exe
[2026-05-07 00:40:45] [PyInstaller] 8502 INFO: checking EXE
[2026-05-07 00:40:45] [PyInstaller] 8502 INFO: Building EXE because EXE-00.toc is non existent
[2026-05-07 00:40:45] [PyInstaller] 8502 INFO: Building EXE from EXE-00.toc
[2026-05-07 00:40:45] [PyInstaller] 8503 INFO: Copying bootloader EXE to E:\mimo\deemo\restore_e42aee16.exe
[2026-05-07 00:40:45] [PyInstaller] 8540 INFO: Copying icon to EXE
[2026-05-07 00:40:45] [PyInstaller] 8569 INFO: Copying 0 resources to EXE
[2026-05-07 00:40:45] [PyInstaller] 8569 INFO: Embedding manifest in EXE
[2026-05-07 00:40:45] [PyInstaller] 8597 INFO: Appending PKG archive to EXE
[2026-05-07 00:40:45] [PyInstaller] 8698 INFO: Fixing EXE headers
[2026-05-07 00:40:45] [PyInstaller] 8884 INFO: Building EXE from EXE-00.toc completed successfully.
[2026-05-07 00:40:45] [PyInstaller] 8885 INFO: Build complete! The results are available in: E:\mimo\deemo
[2026-05-07 00:40:45] 脱壳包导出成功: E:\mimo\deemo\restore_e42aee16.exe
[2026-05-07 00:41:08] 执行自动切换，魔术字：HEX=E42AEE16 | BYTES=b'\xe4*\xee\x16' | TEXT=<非UTF-8字节序列>
[2026-05-07 00:41:08] 准备还原：E:\mimo\deemo\deemo.mp4
[2026-05-07 00:41:08] 还原完成：E:\mimo\deemo\deemo.rar
[2026-05-07 00:41:08] 执行周期结束。成功:1 失败:0
[2026-05-07 00:41:32] 执行自动切换，魔术字：HEX=E42AEE16 | BYTES=b'\xe4*\xee\x16' | TEXT=<非UTF-8字节序列>
[2026-05-07 00:41:32] 准备伪装(使用 F:\本站下载\库\8-梦核素材，梦境素材，ai 绘画，唯美-480P 标清-AVC.mp4)：E:\mimo\deemo\deemo.rar
[2026-05-07 00:41:32] 伪装完成：E:\mimo\deemo\deemo.mp4
[2026-05-07 00:41:32] 执行周期结束。成功:1 失败:0
[2026-05-07 00:51:41] APLUSE ENGINE 初始化成功
[2026-05-07 00:51:49] 目标装载: +1 项
[2026-05-07 00:51:50] 开始检测，魔术字：HEX=E42AEE16 | BYTES=b'\xe4*\xee\x16' | TEXT=<非UTF-8字节序列>
[2026-05-07 00:51:50] [伪装态] E:\mimo\deemo\deemo.mp4
[2026-05-07 00:51:53] 执行自动切换，魔术字：HEX=E42AEE16 | BYTES=b'\xe4*\xee\x16' | TEXT=<非UTF-8字节序列>
[2026-05-07 00:51:53] 准备还原：E:\mimo\deemo\deemo.mp4
[2026-05-07 00:51:53] 还原完成：E:\mimo\deemo\deemo.rar
[2026-05-07 00:51:53] 执行周期结束。成功:1 失败:0
[2026-05-07 00:51:56] 执行自动切换，魔术字：HEX=E42AEE16 | BYTES=b'\xe4*\xee\x16' | TEXT=<非UTF-8字节序列>
[2026-05-07 00:51:56] 准备伪装(使用 F:\本站下载\库\1-“我的生命就应该浪费在这种地方。”-1080P 高清-AVC.mp4)：E:\mimo\deemo\deemo.rar
[2026-05-07 00:51:56] 伪装完成：E:\mimo\deemo\deemo.mp4
[2026-05-07 00:51:56] 执行周期结束。成功:1 失败:0
[2026-05-07 00:52:06] 🚀 正在调用 PyInstaller 进行极限瘦身打包，请耐心等待...
[2026-05-07 00:52:06] [PyInstaller] 326 INFO: PyInstaller: 6.19.0, contrib hooks: 2026.4
[2026-05-07 00:52:06] [PyInstaller] 326 INFO: Python: 3.13.12 (conda)
[2026-05-07 00:52:06] [PyInstaller] 355 INFO: Platform: Windows-10-10.0.19045-SP0
[2026-05-07 00:52:06] [PyInstaller] 355 INFO: Python environment: C:\Users\lenovo\miniconda3
[2026-05-07 00:52:06] [PyInstaller] 356 INFO: wrote E:\mimo\deemo\spec_pyinstaller_restore\restore_e42aee16.spec
[2026-05-07 00:52:06] [PyInstaller] 367 INFO: Module search paths (PYTHONPATH):
[2026-05-07 00:52:06] [PyInstaller] ['E:\\mimo',
[2026-05-07 00:52:06] [PyInstaller] 'C:\\Users\\lenovo\\miniconda3\\python313.zip',
[2026-05-07 00:52:06] [PyInstaller] 'C:\\Users\\lenovo\\miniconda3\\DLLs',
[2026-05-07 00:52:06] [PyInstaller] 'C:\\Users\\lenovo\\miniconda3\\Lib',
[2026-05-07 00:52:06] [PyInstaller] 'C:\\Users\\lenovo\\miniconda3',
[2026-05-07 00:52:06] [PyInstaller] 'C:\\Users\\lenovo\\miniconda3\\Lib\\site-packages',
[2026-05-07 00:52:06] [PyInstaller] 'E:\\mimo']
[2026-05-07 00:52:07] [PyInstaller] 960 INFO: checking Analysis
[2026-05-07 00:52:07] [PyInstaller] 960 INFO: Building Analysis because Analysis-00.toc is non existent
[2026-05-07 00:52:07] [PyInstaller] 960 INFO: Looking for Python shared library...
[2026-05-07 00:52:07] [PyInstaller] 960 INFO: Using Python shared library: C:\Users\lenovo\miniconda3\python313.dll
[2026-05-07 00:52:07] [PyInstaller] 960 INFO: Running Analysis Analysis-00.toc
[2026-05-07 00:52:07] [PyInstaller] 960 INFO: Target bytecode optimization level: 0
[2026-05-07 00:52:07] [PyInstaller] 960 INFO: Initializing module dependency graph...
[2026-05-07 00:52:07] [PyInstaller] 962 INFO: Initializing module graph hook caches...
[2026-05-07 00:52:07] [PyInstaller] 979 INFO: Analyzing modules for base_library.zip ...
[2026-05-07 00:52:09] [PyInstaller] 2699 INFO: Processing standard module hook 'hook-encodings.py' from 'C:\\Users\\lenovo\\miniconda3\\Lib\\site-packages\\PyInstaller\\hooks'
[2026-05-07 00:52:09] [PyInstaller] 3483 INFO: Processing standard module hook 'hook-heapq.py' from 'C:\\Users\\lenovo\\miniconda3\\Lib\\site-packages\\PyInstaller\\hooks'
[2026-05-07 00:52:10] [PyInstaller] 4519 INFO: Processing standard module hook 'hook-pickle.py' from 'C:\\Users\\lenovo\\miniconda3\\Lib\\site-packages\\PyInstaller\\hooks'
[2026-05-07 00:52:12] [PyInstaller] 5790 INFO: Caching module dependency graph...
[2026-05-07 00:52:12] [PyInstaller] 5830 INFO: Analyzing E:\mimo\restore_e42aee16.py
[2026-05-07 00:52:12] [PyInstaller] Syntax error in E:\mimo\restore_e42aee16.py
[2026-05-07 00:52:12] [PyInstaller] File "E:\mimo\restore_e42aee16.py", line 161
[2026-05-07 00:52:12] [PyInstaller] print(f"扫描: {bd}
[2026-05-07 00:52:12] [PyInstaller] ^
[2026-05-07 00:52:12] [PyInstaller] SyntaxError: unterminated f-string literal (detected at line 161)
[2026-05-07 00:52:12] [ERROR] 内核异常: 打包过程失败，返回码: 1
[2026-05-07 00:54:39] APLUSE ENGINE 初始化成功
[2026-05-07 00:54:47] 目标装载: +1 项
[2026-05-07 00:54:50] 执行自动切换，魔术字：HEX=E42AEE16 | BYTES=b'\xe4*\xee\x16' | TEXT=<非UTF-8字节序列>
[2026-05-07 00:54:50] 准备还原：E:\mimo\deemo\deemo.mp4
[2026-05-07 00:54:50] 还原完成：E:\mimo\deemo\deemo.rar
[2026-05-07 00:54:50] 执行周期结束。成功:1 失败:0
[2026-05-07 00:54:53] 执行自动切换，魔术字：HEX=E42AEE16 | BYTES=b'\xe4*\xee\x16' | TEXT=<非UTF-8字节序列>
[2026-05-07 00:54:53] 准备伪装(使用 F:\本站下载\库\4-梦是平行世界的入口，天黑请闭眼-480P 标清-AVC.mp4)：E:\mimo\deemo\deemo.rar
[2026-05-07 00:54:53] 伪装完成：E:\mimo\deemo\deemo.mp4
[2026-05-07 00:54:53] 执行周期结束。成功:1 失败:0
[2026-05-07 00:54:58] 🚀 正在调用 PyInstaller 进行极限瘦身打包，请耐心等待...
[2026-05-07 00:54:59] [PyInstaller] 318 INFO: PyInstaller: 6.19.0, contrib hooks: 2026.4
[2026-05-07 00:54:59] [PyInstaller] 319 INFO: Python: 3.13.12 (conda)
[2026-05-07 00:54:59] [PyInstaller] 351 INFO: Platform: Windows-10-10.0.19045-SP0
[2026-05-07 00:54:59] [PyInstaller] 351 INFO: Python environment: C:\Users\lenovo\miniconda3
[2026-05-07 00:54:59] [PyInstaller] 352 INFO: wrote E:\mimo\deemo\spec_pyinstaller_restore\restore_e42aee16.spec
[2026-05-07 00:54:59] [PyInstaller] 362 INFO: Module search paths (PYTHONPATH):
[2026-05-07 00:54:59] [PyInstaller] ['E:\\mimo',
[2026-05-07 00:54:59] [PyInstaller] 'C:\\Users\\lenovo\\miniconda3\\python313.zip',
[2026-05-07 00:54:59] [PyInstaller] 'C:\\Users\\lenovo\\miniconda3\\DLLs',
[2026-05-07 00:54:59] [PyInstaller] 'C:\\Users\\lenovo\\miniconda3\\Lib',
[2026-05-07 00:54:59] [PyInstaller] 'C:\\Users\\lenovo\\miniconda3',
[2026-05-07 00:54:59] [PyInstaller] 'C:\\Users\\lenovo\\miniconda3\\Lib\\site-packages',
[2026-05-07 00:54:59] [PyInstaller] 'E:\\mimo']
[2026-05-07 00:54:59] [PyInstaller] 957 INFO: checking Analysis
[2026-05-07 00:54:59] [PyInstaller] 957 INFO: Building Analysis because Analysis-00.toc is non existent
[2026-05-07 00:54:59] [PyInstaller] 957 INFO: Looking for Python shared library...
[2026-05-07 00:54:59] [PyInstaller] 957 INFO: Using Python shared library: C:\Users\lenovo\miniconda3\python313.dll
[2026-05-07 00:54:59] [PyInstaller] 957 INFO: Running Analysis Analysis-00.toc
[2026-05-07 00:54:59] [PyInstaller] 957 INFO: Target bytecode optimization level: 0
[2026-05-07 00:54:59] [PyInstaller] 958 INFO: Initializing module dependency graph...
[2026-05-07 00:54:59] [PyInstaller] 959 INFO: Initializing module graph hook caches...
[2026-05-07 00:54:59] [PyInstaller] 975 INFO: Analyzing modules for base_library.zip ...
[2026-05-07 00:55:01] [PyInstaller] 2891 INFO: Processing standard module hook 'hook-encodings.py' from 'C:\\Users\\lenovo\\miniconda3\\Lib\\site-packages\\PyInstaller\\hooks'
[2026-05-07 00:55:03] [PyInstaller] 4654 INFO: Processing standard module hook 'hook-pickle.py' from 'C:\\Users\\lenovo\\miniconda3\\Lib\\site-packages\\PyInstaller\\hooks'
[2026-05-07 00:55:04] [PyInstaller] 5386 INFO: Processing standard module hook 'hook-heapq.py' from 'C:\\Users\\lenovo\\miniconda3\\Lib\\site-packages\\PyInstaller\\hooks'
[2026-05-07 00:55:04] [PyInstaller] 5799 INFO: Caching module dependency graph...
[2026-05-07 00:55:04] [PyInstaller] 5839 INFO: Analyzing E:\mimo\restore_e42aee16.py
[2026-05-07 00:55:04] [PyInstaller] 5860 INFO: Processing module hooks (post-graph stage)...
[2026-05-07 00:55:04] [PyInstaller] 5863 INFO: Performing binary vs. data reclassification (1 entries)
[2026-05-07 00:55:04] [PyInstaller] 5864 INFO: Looking for ctypes DLLs
[2026-05-07 00:55:04] [PyInstaller] 5867 INFO: Analyzing run-time hooks ...
[2026-05-07 00:55:04] [PyInstaller] 5868 INFO: Including run-time hook 'pyi_rth_inspect.py' from 'C:\\Users\\lenovo\\miniconda3\\Lib\\site-packages\\PyInstaller\\hooks\\rthooks'
[2026-05-07 00:55:04] [PyInstaller] 5873 INFO: Creating base_library.zip...
[2026-05-07 00:55:04] [PyInstaller] 5901 INFO: Looking for dynamic libraries
[2026-05-07 00:55:04] [PyInstaller] 6016 INFO: Extra DLL search directories (AddDllDirectory): []
[2026-05-07 00:55:04] [PyInstaller] 6016 INFO: Extra DLL search directories (PATH): []
[2026-05-07 00:55:05] [PyInstaller] 6453 INFO: Warnings written to E:\mimo\deemo\build_pyinstaller_restore\restore_e42aee16\warn-restore_e42aee16.txt
[2026-05-07 00:55:05] [PyInstaller] 6462 INFO: Graph cross-reference written to E:\mimo\deemo\build_pyinstaller_restore\restore_e42aee16\xref-restore_e42aee16.html
[2026-05-07 00:55:05] [PyInstaller] 6482 INFO: checking PYZ
[2026-05-07 00:55:05] [PyInstaller] 6483 INFO: Building PYZ because PYZ-00.toc is non existent
[2026-05-07 00:55:05] [PyInstaller] 6483 INFO: Building PYZ (ZlibArchive) E:\mimo\deemo\build_pyinstaller_restore\restore_e42aee16\PYZ-00.pyz
[2026-05-07 00:55:05] [PyInstaller] 6602 INFO: Building PYZ (ZlibArchive) E:\mimo\deemo\build_pyinstaller_restore\restore_e42aee16\PYZ-00.pyz completed successfully.
[2026-05-07 00:55:05] [PyInstaller] 6606 INFO: checking PKG
[2026-05-07 00:55:05] [PyInstaller] 6606 INFO: Building PKG because PKG-00.toc is non existent
[2026-05-07 00:55:05] [PyInstaller] 6606 INFO: Building PKG (CArchive) restore_e42aee16.pkg
[2026-05-07 00:55:06] [PyInstaller] 8223 INFO: Building PKG (CArchive) restore_e42aee16.pkg completed successfully.
[2026-05-07 00:55:06] [PyInstaller] 8224 INFO: Bootloader C:\Users\lenovo\miniconda3\Lib\site-packages\PyInstaller\bootloader\Windows-64bit-intel\run.exe
[2026-05-07 00:55:06] [PyInstaller] 8224 INFO: checking EXE
[2026-05-07 00:55:06] [PyInstaller] 8224 INFO: Building EXE because EXE-00.toc is non existent
[2026-05-07 00:55:06] [PyInstaller] 8224 INFO: Building EXE from EXE-00.toc
[2026-05-07 00:55:06] [PyInstaller] 8224 INFO: Copying bootloader EXE to E:\mimo\deemo\restore_e42aee16.exe
[2026-05-07 00:55:06] [PyInstaller] 8270 INFO: Copying icon to EXE
[2026-05-07 00:55:07] [PyInstaller] 8302 INFO: Copying 0 resources to EXE
[2026-05-07 00:55:07] [PyInstaller] 8302 INFO: Embedding manifest in EXE
[2026-05-07 00:55:07] [PyInstaller] 8329 INFO: Appending PKG archive to EXE
[2026-05-07 00:55:07] [PyInstaller] 8430 INFO: Fixing EXE headers
[2026-05-07 00:55:07] [PyInstaller] 8602 INFO: Building EXE from EXE-00.toc completed successfully.
[2026-05-07 00:55:07] [PyInstaller] 8604 INFO: Build complete! The results are available in: E:\mimo\deemo
[2026-05-07 00:55:07] 脱壳包导出成功: E:\mimo\deemo\restore_e42aee16.exe
[2026-05-07 01:04:38] APLUSE ENGINE 初始化成功
[2026-05-07 01:04:45] 目标装载: +1 项
[2026-05-07 01:04:48] 执行自动切换，魔术字：HEX=E42AEE16 | BYTES=b'\xe4*\xee\x16' | TEXT=<非UTF-8字节序列>
[2026-05-07 01:04:48] 准备伪装(使用 F:\本站下载\库\9-梦里也许就是平行世界-480P 标清-AVC.mp4)：E:\mimo\deemo\deemo.rar
[2026-05-07 01:04:48] 伪装完成：E:\mimo\deemo\deemo.mp4
[2026-05-07 01:04:48] 执行周期结束。成功:1 失败:0
[2026-05-07 01:04:49] 正在生成 Android 项目: restore_android_e42aee16
[2026-05-07 01:04:49] 项目源码已生成
[2026-05-07 01:04:49] 未检测到 Gradle，请用 Android Studio 打开项目目录进行编译
[2026-05-07 01:04:49] 项目路径: E:\mimo\deemo\restore_android_e42aee16
[2026-05-07 01:04:49] Android 项目已就绪，请在 Android Studio 中打开: E:\mimo\deemo\restore_android_e42aee16
[2026-05-07 01:04:49] Android 项目已生成，请用 Android Studio 打开编译: E:\mimo\deemo\restore_android_e42aee16
[2026-05-07 01:25:59] APLUSE ENGINE 初始化成功
[2026-05-07 01:26:33] 目标装载: +1 项
[2026-05-07 01:26:38] 执行自动切换，魔术字：HEX=E42AEE16 | BYTES=b'\xe4*\xee\x16' | TEXT=<非UTF-8字节序列>
[2026-05-07 01:26:38] 准备伪装(使用 F:\本站下载\库\1-“收集了这么多好看的海，当然要分享给你~”-1080P 高清-AVC.mp4)：E:\mimo\deemo\deemo.rar
[2026-05-07 01:26:38] 伪装完成：E:\mimo\deemo\deemo.mp4
[2026-05-07 01:26:38] 执行周期结束。成功:1 失败:0
[2026-05-07 01:26:40] 正在生成 Android 项目: restore_android_e42aee16
[2026-05-07 01:26:40] 项目源码已生成
[2026-05-07 01:26:40] 未检测到 Gradle，请用 Android Studio 打开项目目录进行编译
[2026-05-07 01:26:40] 项目路径: E:\mimo\deemo\restore_android_e42aee16
[2026-05-07 01:26:40] Android 项目已就绪，请在 Android Studio 中打开: E:\mimo\deemo\restore_android_e42aee16
[2026-05-07 01:26:40] Android 项目已生成，请用 Android Studio 打开编译: E:\mimo\deemo\restore_android_e42aee16
[2026-05-07 01:29:17] APLUSE ENGINE 初始化成功
[2026-05-07 01:29:34] 目标装载: +1 项
[2026-05-07 01:29:40] 执行自动切换，魔术字：HEX=E42AEE16 | BYTES=b'\xe4*\xee\x16' | TEXT=<非UTF-8字节序列>
[2026-05-07 01:29:40] 准备伪装(使用 F:\本站下载\库\1-“这大概就是美到窒息的感觉吧”-480P 标清-AVC.mp4)：E:\mimo\deemo\deemo.rar
[2026-05-07 01:29:40] 伪装完成：E:\mimo\deemo\deemo.mp4
[2026-05-07 01:29:40] 执行周期结束。成功:1 失败:0
[2026-05-07 01:29:43] 正在生成 Android 项目: restore_android_e42aee16
[2026-05-07 01:29:43] 项目源码已生成
[2026-05-07 01:29:43] 未检测到 Gradle，请用 Android Studio 打开项目目录进行编译
[2026-05-07 01:29:43] 项目路径: E:\mimo\deemo\restore_android_e42aee16
[2026-05-07 01:29:43] Android 项目已就绪，请在 Android Studio 中打开: E:\mimo\deemo\restore_android_e42aee16
[2026-05-07 01:29:43] Android 项目已生成，请用 Android Studio 打开编译: E:\mimo\deemo\restore_android_e42aee16
[2026-05-07 01:32:49] APLUSE ENGINE 初始化成功
[2026-05-07 01:32:57] 目标装载: +1 项
[2026-05-07 01:32:59] 执行自动切换，魔术字：HEX=E42AEE16 | BYTES=b'\xe4*\xee\x16' | TEXT=<非UTF-8字节序列>
[2026-05-07 01:32:59] 准备还原：E:\mimo\deemo\deemo.mp4
[2026-05-07 01:32:59] 还原完成：E:\mimo\deemo\deemo.rar
[2026-05-07 01:32:59] 执行周期结束。成功:1 失败:0
[2026-05-07 01:33:00] 正在生成 Android 项目: restore_android_e42aee16
[2026-05-07 01:33:00] 项目源码已生成
[2026-05-07 01:33:00] 未检测到 Gradle，请用 Android Studio 打开项目目录进行编译
[2026-05-07 01:33:00] 项目路径: E:\mimo\deemo\restore_android_e42aee16
[2026-05-07 01:33:00] Android 项目已就绪，请在 Android Studio 中打开: E:\mimo\deemo\restore_android_e42aee16
[2026-05-07 01:33:00] Android 项目已生成，请用 Android Studio 打开编译: E:\mimo\deemo\restore_android_e42aee16
[2026-05-07 01:37:43] 目标装载: +0 项
[2026-05-07 01:37:47] 执行自动切换，魔术字：HEX=E42AEE16 | BYTES=b'\xe4*\xee\x16' | TEXT=<非UTF-8字节序列>
[2026-05-07 01:37:47] 准备伪装(使用 F:\本站下载\库\1-“换个角度看晚霞，仿佛来到了另一个世界！”-480P 标清-AVC.mp4)：E:\mimo\deemo\deemo.rar
[2026-05-07 01:37:47] 伪装完成：E:\mimo\deemo\deemo.mp4
[2026-05-07 01:37:47] 执行周期结束。成功:1 失败:0
[2026-05-07 14:29:34] APLUSE ENGINE 初始化成功
[2026-05-07 14:29:51] 目标装载: +1 项
[2026-05-07 14:29:55] 执行自动切换，魔术字：HEX=E42AEE16 | BYTES=b'\xe4*\xee\x16' | TEXT=<非UTF-8字节序列>
[2026-05-07 14:29:55] 准备伪装(使用 F:\本站下载\库\16-有人画皮，有人画心，我在画梦-480P 标清-AVC.mp4)：E:\mimo\deemo\deemo.rar
[2026-05-07 14:29:55] 伪装完成：E:\mimo\deemo\deemo.mp4
[2026-05-07 14:29:55] 执行周期结束。成功:1 失败:0
[2026-05-07 14:29:56] 正在生成 Android 项目: restore_android_e42aee16
[2026-05-07 14:29:56] 项目源码已生成
[2026-05-07 14:29:56] 未检测到 Gradle，请用 Android Studio 打开项目目录进行编译
[2026-05-07 14:29:56] 项目路径: E:\mimo\deemo\restore_android_e42aee16
[2026-05-07 14:29:56] Android 项目已就绪，请在 Android Studio 中打开: E:\mimo\deemo\restore_android_e42aee16
[2026-05-07 14:29:56] Android 项目已生成，请用 Android Studio 打开编译: E:\mimo\deemo\restore_android_e42aee16
[2026-05-07 14:40:37] APLUSE ENGINE 初始化成功
[2026-05-07 14:53:48] APLUSE ENGINE 初始化成功
[2026-05-07 14:54:06] 目标装载: +1 项
[2026-05-07 14:54:14] 开始检测，魔术字：HEX=E42AEE16 | BYTES=b'\xe4*\xee\x16' | TEXT=<非UTF-8字节序列>
[2026-05-07 14:54:14] [伪装态] E:\mimo\deemo\deemo.mp4
[2026-05-07 14:54:17] 执行自动切换，魔术字：HEX=E42AEE16 | BYTES=b'\xe4*\xee\x16' | TEXT=<非UTF-8字节序列>
[2026-05-07 14:54:17] 准备还原：E:\mimo\deemo\deemo.mp4
[2026-05-07 14:54:17] 还原完成：E:\mimo\deemo\deemo.rar
[2026-05-07 14:54:17] 执行周期结束。成功:1 失败:0
[2026-05-07 14:54:20] 已生成动态安全密钥
[2026-05-07 14:54:20] 已生成动态安全密钥
[2026-05-07 14:54:21] 已生成动态安全密钥
[2026-05-07 14:54:21] 已生成动态安全密钥
[2026-05-07 14:54:22] 已覆写系统密钥：4A903513
[2026-05-07 14:54:25] 执行自动切换，魔术字：HEX=4A903513 | BYTES=b'J\x905\x13' | TEXT=<非UTF-8字节序列>
[2026-05-07 14:54:25] 准备伪装(使用 F:\本站下载\库\16-有人画皮，有人画心，我在画梦-480P 标清-AVC.mp4)：E:\mimo\deemo\deemo.rar
[2026-05-07 14:54:25] 伪装完成：E:\mimo\deemo\deemo.mp4
[2026-05-07 14:54:25] 执行周期结束。成功:1 失败:0
[2026-05-07 14:54:37] 🚀 正在调用 PyInstaller 进行极限瘦身打包，请耐心等待...
[2026-05-07 14:54:38] [PyInstaller] 325 INFO: PyInstaller: 6.19.0, contrib hooks: 2026.4
[2026-05-07 14:54:38] [PyInstaller] 325 INFO: Python: 3.13.12 (conda)
[2026-05-07 14:54:38] [PyInstaller] 354 INFO: Platform: Windows-10-10.0.19045-SP0
[2026-05-07 14:54:38] [PyInstaller] 354 INFO: Python environment: C:\Users\lenovo\miniconda3
[2026-05-07 14:54:38] [PyInstaller] 355 INFO: wrote E:\mimo\deemo\spec_pyinstaller_restore\4a903513_restore.spec
[2026-05-07 14:54:38] [PyInstaller] 373 INFO: Module search paths (PYTHONPATH):
[2026-05-07 14:54:38] [PyInstaller] ['E:\\mimo',
[2026-05-07 14:54:38] [PyInstaller] 'C:\\Users\\lenovo\\miniconda3\\python313.zip',
[2026-05-07 14:54:38] [PyInstaller] 'C:\\Users\\lenovo\\miniconda3\\DLLs',
[2026-05-07 14:54:38] [PyInstaller] 'C:\\Users\\lenovo\\miniconda3\\Lib',
[2026-05-07 14:54:38] [PyInstaller] 'C:\\Users\\lenovo\\miniconda3',
[2026-05-07 14:54:38] [PyInstaller] 'C:\\Users\\lenovo\\miniconda3\\Lib\\site-packages',
[2026-05-07 14:54:38] [PyInstaller] 'E:\\mimo']
[2026-05-07 14:54:38] [PyInstaller] 1047 INFO: checking Analysis
[2026-05-07 14:54:38] [PyInstaller] 1047 INFO: Building Analysis because Analysis-00.toc is non existent
[2026-05-07 14:54:38] [PyInstaller] 1047 INFO: Looking for Python shared library...
[2026-05-07 14:54:38] [PyInstaller] 1047 INFO: Using Python shared library: C:\Users\lenovo\miniconda3\python313.dll
[2026-05-07 14:54:38] [PyInstaller] 1047 INFO: Running Analysis Analysis-00.toc
[2026-05-07 14:54:38] [PyInstaller] 1047 INFO: Target bytecode optimization level: 0
[2026-05-07 14:54:38] [PyInstaller] 1047 INFO: Initializing module dependency graph...
[2026-05-07 14:54:38] [PyInstaller] 1049 INFO: Initializing module graph hook caches...
[2026-05-07 14:54:39] [PyInstaller] 1103 INFO: Analyzing modules for base_library.zip ...
[2026-05-07 14:54:40] [PyInstaller] 2541 INFO: Processing standard module hook 'hook-heapq.py' from 'C:\\Users\\lenovo\\miniconda3\\Lib\\site-packages\\PyInstaller\\hooks'
[2026-05-07 14:54:40] [PyInstaller] 3035 INFO: Processing standard module hook 'hook-encodings.py' from 'C:\\Users\\lenovo\\miniconda3\\Lib\\site-packages\\PyInstaller\\hooks'
[2026-05-07 14:54:42] [PyInstaller] 4790 INFO: Processing standard module hook 'hook-pickle.py' from 'C:\\Users\\lenovo\\miniconda3\\Lib\\site-packages\\PyInstaller\\hooks'
[2026-05-07 14:54:43] [PyInstaller] 5988 INFO: Caching module dependency graph...
[2026-05-07 14:54:43] [PyInstaller] 6028 INFO: Analyzing E:\mimo\4a903513_restore.py
[2026-05-07 14:54:43] [PyInstaller] 6061 INFO: Processing module hooks (post-graph stage)...
[2026-05-07 14:54:43] [PyInstaller] 6064 INFO: Performing binary vs. data reclassification (1 entries)
[2026-05-07 14:54:44] [PyInstaller] 6066 INFO: Looking for ctypes DLLs
[2026-05-07 14:54:44] [PyInstaller] 6070 INFO: Analyzing run-time hooks ...
[2026-05-07 14:54:44] [PyInstaller] 6070 INFO: Including run-time hook 'pyi_rth_inspect.py' from 'C:\\Users\\lenovo\\miniconda3\\Lib\\site-packages\\PyInstaller\\hooks\\rthooks'
[2026-05-07 14:54:44] [PyInstaller] 6075 INFO: Creating base_library.zip...
[2026-05-07 14:54:44] [PyInstaller] 6090 INFO: Looking for dynamic libraries
[2026-05-07 14:54:44] [PyInstaller] 6218 INFO: Extra DLL search directories (AddDllDirectory): []
[2026-05-07 14:54:44] [PyInstaller] 6218 INFO: Extra DLL search directories (PATH): []
[2026-05-07 14:54:44] [PyInstaller] 6703 INFO: Warnings written to E:\mimo\deemo\build_pyinstaller_restore\4a903513_restore\warn-4a903513_restore.txt
[2026-05-07 14:54:44] [PyInstaller] 6719 INFO: Graph cross-reference written to E:\mimo\deemo\build_pyinstaller_restore\4a903513_restore\xref-4a903513_restore.html
[2026-05-07 14:54:44] [PyInstaller] 6736 INFO: checking PYZ
[2026-05-07 14:54:44] [PyInstaller] 6736 INFO: Building PYZ because PYZ-00.toc is non existent
[2026-05-07 14:54:44] [PyInstaller] 6736 INFO: Building PYZ (ZlibArchive) E:\mimo\deemo\build_pyinstaller_restore\4a903513_restore\PYZ-00.pyz
[2026-05-07 14:54:44] [PyInstaller] 6842 INFO: Building PYZ (ZlibArchive) E:\mimo\deemo\build_pyinstaller_restore\4a903513_restore\PYZ-00.pyz completed successfully.
[2026-05-07 14:54:44] [PyInstaller] 6848 INFO: checking PKG
[2026-05-07 14:54:44] [PyInstaller] 6849 INFO: Building PKG because PKG-00.toc is non existent
[2026-05-07 14:54:44] [PyInstaller] 6849 INFO: Building PKG (CArchive) 4a903513_restore.pkg
[2026-05-07 14:54:46] [PyInstaller] 8490 INFO: Building PKG (CArchive) 4a903513_restore.pkg completed successfully.
[2026-05-07 14:54:46] [PyInstaller] 8491 INFO: Bootloader C:\Users\lenovo\miniconda3\Lib\site-packages\PyInstaller\bootloader\Windows-64bit-intel\run.exe
[2026-05-07 14:54:46] [PyInstaller] 8491 INFO: checking EXE
[2026-05-07 14:54:46] [PyInstaller] 8491 INFO: Building EXE because EXE-00.toc is non existent
[2026-05-07 14:54:46] [PyInstaller] 8491 INFO: Building EXE from EXE-00.toc
[2026-05-07 14:54:46] [PyInstaller] 8492 INFO: Copying bootloader EXE to E:\mimo\deemo\4a903513_restore.exe
[2026-05-07 14:54:46] [PyInstaller] 8573 INFO: Copying icon to EXE
[2026-05-07 14:54:46] [PyInstaller] 8601 INFO: Copying 0 resources to EXE
[2026-05-07 14:54:46] [PyInstaller] 8601 INFO: Embedding manifest in EXE
[2026-05-07 14:54:46] [PyInstaller] 8630 INFO: Appending PKG archive to EXE
[2026-05-07 14:54:46] [PyInstaller] 8723 INFO: Fixing EXE headers
[2026-05-07 14:54:46] [PyInstaller] 8896 INFO: Building EXE from EXE-00.toc completed successfully.
[2026-05-07 14:54:46] [PyInstaller] 8898 INFO: Build complete! The results are available in: E:\mimo\deemo
[2026-05-07 14:54:46] 脱壳包导出成功: E:\mimo\deemo\4a903513_restore.exe
[2026-05-07 14:54:51] 正在生成 Android 项目...
[2026-05-07 14:54:51] 项目源码已生成
[2026-05-07 14:54:51] 已将 icon.ico 转换为 Android 图标
[2026-05-07 14:54:51] 未检测到 Gradle，请用 Android Studio 打开项目目录进行编译
[2026-05-07 14:54:51] 项目路径: E:\mimo\deemo\apluse_restore_android
[2026-05-07 14:54:51] Android 项目已就绪，请在 Android Studio 中打开: E:\mimo\deemo\apluse_restore_android
[2026-05-07 14:54:51] Android 项目已生成，请用 Android Studio 打开编译: E:\mimo\deemo\apluse_restore_android
[2026-05-07 15:05:03] 目标装载: +2 项
[2026-05-07 15:05:08] 目标队列已格式化
[2026-05-07 15:05:10] 目标装载: +2 项
[2026-05-07 15:05:12] 执行自动切换，魔术字：HEX=4A903513 | BYTES=b'J\x905\x13' | TEXT=<非UTF-8字节序列>
[2026-05-07 15:05:12] 准备伪装(使用 F:\本站下载\库\18-梵高是不是个疯子-480P 标清-AVC.mp4)：E:\mimo\deemo\deemo.zip
[2026-05-07 15:05:12] 伪装完成：E:\mimo\deemo\deemo.mp4
[2026-05-07 15:05:12] 准备伪装(使用 F:\本站下载\库\14-梦该醒了，因为过年了-480P 标清-AVC.mp4)：E:\mimo\deemo\deemo.z01
[2026-05-07 15:05:12] 伪装完成：E:\mimo\deemo\deemo_disguised_1.mp4
[2026-05-07 15:05:12] 执行周期结束。成功:2 失败:0
[2026-05-07 15:27:00] APLUSE ENGINE 初始化成功
